// Jest Snapshot v1, https://goo.gl/fbAQLP

exports[`sould render header correctly 1`] = `
<header>
  <h1>
    Kharchapaani
  </h1>
  <NavLink
    activeClassName="is-active"
    exact={true}
    to="/"
  >
    Home
  </NavLink>
  <NavLink
    activeClassName="is-active"
    to="/create"
  >
    Create expense
  </NavLink>
  <NavLink
    activeClassName="is-active"
    to="/help"
  >
    Need help?
  </NavLink>
</header>
`;
