// Jest Snapshot v1, https://goo.gl/fbAQLP

exports[`Should render NotFoundPage correctly 1`] = `
<div>
  404! Page not found. - 
  <Link
    to="/"
  >
    Go to Home
  </Link>
</div>
`;
